Copyright 1986-2015 Xilinx, Inc. All Rights Reserved.
---------------------------------------------------------------------------------------
| Tool Version : Vivado v.2015.4 (win64) Build 1412921 Wed Nov 18 09:43:45 MST 2015
| Date         : Sat Dec 13 13:09:29 2025
| Host         : MSI running 64-bit major release  (build 9200)
| Command      : report_control_sets -verbose -file top_module_control_sets_placed.rpt
| Design       : top_module
| Device       : xc7a35ti
---------------------------------------------------------------------------------------

Control Set Information

Table of Contents
-----------------
1. Summary
2. Flip-Flop Distribution
3. Detailed Control Set Information

1. Summary
----------

+-------------------------------------------------------------------+-------+
|                               Status                              | Count |
+-------------------------------------------------------------------+-------+
| Number of unique control sets                                     |    10 |
| Minimum Number of register sites lost to control set restrictions |    54 |
+-------------------------------------------------------------------+-------+


2. Flip-Flop Distribution
-------------------------

+--------------+-----------------------+------------------------+-----------------+--------------+
| Clock Enable | Synchronous Set/Reset | Asynchronous Set/Reset | Total Registers | Total Slices |
+--------------+-----------------------+------------------------+-----------------+--------------+
| No           | No                    | No                     |              26 |           15 |
| No           | No                    | Yes                    |               0 |            0 |
| No           | Yes                   | No                     |              40 |           17 |
| Yes          | No                    | No                     |               0 |            0 |
| Yes          | No                    | Yes                    |               0 |            0 |
| Yes          | Yes                   | No                     |              72 |           25 |
+--------------+-----------------------+------------------------+-----------------+--------------+


3. Detailed Control Set Information
-----------------------------------

+----------------------+-------------------------------------+-----------------------+------------------+----------------+
|     Clock Signal     |            Enable Signal            |    Set/Reset Signal   | Slice Load Count | Bel Load Count |
+----------------------+-------------------------------------+-----------------------+------------------+----------------+
|  CLK100MHZ_IBUF_BUFG | game_tick_i/tick_o                  | BTNC_IBUF             |                2 |              6 |
|  CLK100MHZ_IBUF_BUFG | game_tick_i/enemy_group_y_reg[9][0] | BTNC_IBUF             |                2 |              9 |
|  CLK100MHZ_IBUF_BUFG | game_tick_i/E[0]                    | BTNC_IBUF             |                3 |              9 |
|  CLK100MHZ_IBUF_BUFG | bullet_i/bullet_y[9]_i_1_n_0        | BTNC_IBUF             |                3 |              9 |
|  CLK100MHZ_IBUF_BUFG | bullet_i/bullet_x[9]_i_1_n_0        | BTNC_IBUF             |                4 |              9 |
|  CLK100MHZ_IBUF_BUFG | u1/xc_next[9]_i_2_n_0               | u1/xc_next0           |                4 |             10 |
|  CLK100MHZ_IBUF_BUFG | u1/xc_next0                         | u1/yc_next[9]_i_1_n_0 |                3 |             10 |
|  CLK100MHZ_IBUF_BUFG | game_tick_i/enemy_group_x_reg[0][0] | BTNC_IBUF             |                4 |             10 |
|  CLK100MHZ_IBUF_BUFG |                                     |                       |               15 |             26 |
|  CLK100MHZ_IBUF_BUFG |                                     | BTNC_IBUF             |               17 |             40 |
+----------------------+-------------------------------------+-----------------------+------------------+----------------+


